# serializer version: 1
# name: test_npse_iid_inference_snapshot[auto_gauss-16trials-gaussian_prior-vp]
  tensor([[-0.2962],
          [-0.0798],
          [-1.0704]])
# ---
# name: test_npse_iid_inference_snapshot[auto_gauss-16trials-subvp-None]
  tensor([[ 3.2501],
          [ 3.0333],
          [-0.7545],
          [ 1.0783],
          [ 0.2865],
          [-0.3020],
          [-0.3616],
          [ 0.9248],
          [ 1.6510],
          [ 0.4580]])
# ---
# name: test_npse_iid_inference_snapshot[auto_gauss-16trials-subvp-gaussian]
  tensor([[-0.5584],
          [ 1.3837],
          [ 0.2293],
          [-1.8741],
          [ 0.7274],
          [-1.1900],
          [ 0.1214],
          [-0.9976],
          [-0.4253],
          [-0.2520]])
# ---
# name: test_npse_iid_inference_snapshot[auto_gauss-16trials-subvp-uniform]
  tensor([[-0.3482],
          [-1.2359],
          [-1.6240],
          [-0.7370],
          [-0.9819],
          [-1.2636],
          [-1.2032],
          [-0.6156],
          [-1.0063],
          [-0.1929]])
# ---
# name: test_npse_iid_inference_snapshot[auto_gauss-16trials-test_case0]
  tensor([[-1.9573],
          [-2.1926],
          [ 0.1993],
          [-1.3448],
          [-1.3181],
          [-1.8695],
          [-1.1669],
          [ 0.3549],
          [-1.6954],
          [-0.2782]])
# ---
# name: test_npse_iid_inference_snapshot[auto_gauss-16trials-test_case1]
  tensor([[ 0.4002, -0.5917, -1.5766],
          [ 1.5358, -0.0518,  0.1034],
          [-0.4197, -0.8161, -1.2418],
          [-0.1189, -0.4768,  0.2321],
          [-0.6763,  0.2680, -1.3479],
          [ 0.5012,  1.3273, -1.1350],
          [ 1.3885, -0.8450, -1.8179],
          [ 1.2507, -0.3830,  0.1364],
          [-0.8660,  0.3151, -1.1020],
          [-0.6852,  0.9993, -0.4791]])
# ---
# name: test_npse_iid_inference_snapshot[auto_gauss-16trials-uniform_prior-ve]
  tensor([[ 0.5511, -0.0488,  1.5879],
          [ 1.7147, -1.5519,  0.1572],
          [-0.9550, -1.6629,  1.2862]])
# ---
# name: test_npse_iid_inference_snapshot[auto_gauss-16trials-ve-None]
  tensor([[ 0.8289],
          [-0.2570],
          [-0.2655],
          [ 0.8110],
          [ 0.0198],
          [-0.6400],
          [-0.9182],
          [-0.4152],
          [-0.1694],
          [-0.7657]])
# ---
# name: test_npse_iid_inference_snapshot[auto_gauss-16trials-ve-gaussian]
  tensor([[ 0.4685],
          [ 3.2723],
          [ 1.6855],
          [ 1.2549],
          [-1.6678],
          [-0.4511],
          [ 0.1996],
          [ 0.5434],
          [ 1.4943],
          [ 0.6663]])
# ---
# name: test_npse_iid_inference_snapshot[auto_gauss-16trials-ve-uniform]
  tensor([[1.9362],
          [1.7722],
          [1.4129],
          [0.6219],
          [1.0908],
          [0.1518],
          [1.5119],
          [0.8635],
          [0.9040],
          [0.2589]])
# ---
# name: test_npse_iid_inference_snapshot[auto_gauss-16trials-vp-None]
  tensor([[ 0.3097],
          [-0.5323],
          [ 0.8117],
          [-0.4544],
          [ 0.7756],
          [ 0.5146],
          [ 0.2698],
          [ 0.6744],
          [ 0.0372],
          [ 1.5632]])
# ---
# name: test_npse_iid_inference_snapshot[auto_gauss-16trials-vp-gaussian]
  tensor([[-1.9573],
          [-2.1926],
          [ 0.1993],
          [-1.3448],
          [-1.3181],
          [-1.8695],
          [-1.1669],
          [ 0.3549],
          [-1.6954],
          [-0.2782]])
# ---
# name: test_npse_iid_inference_snapshot[auto_gauss-16trials-vp-uniform]
  tensor([[-0.1916],
          [-0.3000],
          [-0.7377],
          [ 0.3280],
          [ 0.9396],
          [-0.2453],
          [-0.9355],
          [-1.1499],
          [ 0.6233],
          [-0.1594]])
# ---
# name: test_npse_iid_inference_snapshot[auto_gauss-8trials-gaussian_prior-vp]
  tensor([[-0.2962],
          [-0.0798],
          [-1.0704]])
# ---
# name: test_npse_iid_inference_snapshot[auto_gauss-8trials-subvp-None]
  tensor([[ 2.4648],
          [ 1.1429],
          [ 1.0973],
          [ 0.7288],
          [ 0.2818],
          [ 1.0844],
          [ 0.1002],
          [ 3.2337],
          [-1.0700],
          [ 0.7196]])
# ---
# name: test_npse_iid_inference_snapshot[auto_gauss-8trials-subvp-gaussian]
  tensor([[ 0.1671],
          [ 2.3598],
          [ 0.2627],
          [ 0.5832],
          [ 1.3386],
          [-1.8516],
          [ 3.1040],
          [-1.0505],
          [-1.4445],
          [-0.8970]])
# ---
# name: test_npse_iid_inference_snapshot[auto_gauss-8trials-subvp-uniform]
  tensor([[-1.7809],
          [ 1.1997],
          [-1.5720],
          [-0.8405],
          [-1.6742],
          [ 0.2062],
          [-1.4446],
          [-1.7269],
          [-1.6747],
          [-1.3830]])
# ---
# name: test_npse_iid_inference_snapshot[auto_gauss-8trials-test_case0]
  tensor([[-1.9573],
          [-2.1926],
          [ 0.1993],
          [-1.3448],
          [-1.3181],
          [-1.8695],
          [-1.1669],
          [ 0.3549],
          [-1.6954],
          [-0.2782]])
# ---
# name: test_npse_iid_inference_snapshot[auto_gauss-8trials-test_case1]
  tensor([[ 0.4002, -0.5917, -1.5766],
          [ 1.5358, -0.0518,  0.1034],
          [-0.4197, -0.8161, -1.2418],
          [-0.1189, -0.4768,  0.2321],
          [-0.6763,  0.2680, -1.3479],
          [ 0.5012,  1.3273, -1.1350],
          [ 1.3885, -0.8450, -1.8179],
          [ 1.2507, -0.3830,  0.1364],
          [-0.8660,  0.3151, -1.1020],
          [-0.6852,  0.9993, -0.4791]])
# ---
# name: test_npse_iid_inference_snapshot[auto_gauss-8trials-uniform_prior-ve]
  tensor([[ 0.5511, -0.0488,  1.5879],
          [ 1.7147, -1.5519,  0.1572],
          [-0.9550, -1.6629,  1.2862]])
# ---
# name: test_npse_iid_inference_snapshot[auto_gauss-8trials-ve-None]
  tensor([[ 0.8289],
          [-0.2570],
          [-0.2655],
          [ 0.8110],
          [ 0.0198],
          [-0.6400],
          [-0.9182],
          [-0.4152],
          [-0.1694],
          [-0.7657]])
# ---
# name: test_npse_iid_inference_snapshot[auto_gauss-8trials-ve-gaussian]
  tensor([[-0.4270],
          [ 0.4848],
          [ 0.4946],
          [ 0.8066],
          [ 1.6076],
          [-0.2363],
          [ 0.3494],
          [ 1.6823],
          [ 0.2836],
          [-0.6889]])
# ---
# name: test_npse_iid_inference_snapshot[auto_gauss-8trials-ve-uniform]
  tensor([[ 0.5655],
          [ 0.7247],
          [ 0.6320],
          [ 1.9293],
          [ 1.4471],
          [ 1.8510],
          [ 0.1386],
          [ 1.5726],
          [ 1.1011],
          [-0.0256]])
# ---
# name: test_npse_iid_inference_snapshot[auto_gauss-8trials-vp-None]
  tensor([[-0.1378],
          [ 0.4451],
          [-0.0286],
          [ 1.5482],
          [ 0.5968],
          [-0.9817],
          [ 0.3566],
          [-0.9833],
          [ 0.5931],
          [-0.6669]])
# ---
# name: test_npse_iid_inference_snapshot[auto_gauss-8trials-vp-gaussian]
  tensor([[-1.9573],
          [-2.1926],
          [ 0.1993],
          [-1.3448],
          [-1.3181],
          [-1.8695],
          [-1.1669],
          [ 0.3549],
          [-1.6954],
          [-0.2782]])
# ---
# name: test_npse_iid_inference_snapshot[auto_gauss-8trials-vp-uniform]
  tensor([[-0.8721],
          [ 0.5698],
          [ 0.5078],
          [ 0.5158],
          [-0.9811],
          [-1.2506],
          [ 0.9940],
          [ 1.5338],
          [ 0.0747],
          [-1.0246]])
# ---
# name: test_npse_iid_inference_snapshot[auto_gauss-ode-None_prior-dim_3-subvp]
  tensor([[-0.9198, -0.0323],
          [-1.2254, -0.5765]])
# ---
# name: test_npse_iid_inference_snapshot[auto_gauss-ode-None_prior-dim_3-ve]
  tensor([[-0.9535, -0.2797],
          [-1.2012, -0.8256]])
# ---
# name: test_npse_iid_inference_snapshot[auto_gauss-ode-None_prior-dim_3-vp]
  tensor([[-0.4981, -0.8205],
          [-1.3587, -0.8611]])
# ---
# name: test_npse_iid_inference_snapshot[auto_gauss-ode-gaussian_prior-dim_-vp]
  tensor([[-0.2024],
          [ 0.4294],
          [-0.0703]])
# ---
# name: test_npse_iid_inference_snapshot[auto_gauss-ode-gaussian_prior-dim_1-vp0]
  tensor([[ 0.0480],
          [-0.1350]])
# ---
# name: test_npse_iid_inference_snapshot[auto_gauss-ode-gaussian_prior-dim_1-vp1]
  tensor([[ 0.0480],
          [-0.1350]])
# ---
# name: test_npse_iid_inference_snapshot[auto_gauss-ode-gaussian_prior-dim_1-vp]
  tensor([[ 0.0480],
          [-0.1350]])
# ---
# name: test_npse_iid_inference_snapshot[auto_gauss-ode-gaussian_prior-dim_2-subvp]
  tensor([[-0.9198, -0.0323],
          [-1.2254, -0.5765]])
# ---
# name: test_npse_iid_inference_snapshot[auto_gauss-ode-gaussian_prior-dim_2-ve]
  tensor([[-0.9535, -0.2797],
          [-1.2012, -0.8256]])
# ---
# name: test_npse_iid_inference_snapshot[auto_gauss-ode-gaussian_prior-dim_2-vp]
  tensor([[-0.4981, -0.8205],
          [-1.3587, -0.8611]])
# ---
# name: test_npse_iid_inference_snapshot[auto_gauss-ode-uniform_prior-dim_3-subvp]
  tensor([[ 0.5026, -0.1469,  0.1982],
          [ 0.8102,  0.9526,  0.0397]])
# ---
# name: test_npse_iid_inference_snapshot[auto_gauss-ode-uniform_prior-dim_3-ve]
  tensor([[ 0.6304, -0.6617,  0.1326],
          [ 0.8797,  0.6335, -0.0230]])
# ---
# name: test_npse_iid_inference_snapshot[auto_gauss-ode-uniform_prior-dim_3-vp]
  tensor([[ 0.2415, -0.1564,  0.1063],
          [-0.1049,  0.3475, -0.0774]])
# ---
# name: test_npse_iid_inference_snapshot[auto_gauss-ode-uniform_prior-ve]
  tensor([[ 1.7210, -0.4056,  0.3025],
          [ 1.0870, -0.7320,  0.5778],
          [ 0.5972,  0.2316,  0.1602]])
# ---
# name: test_npse_iid_inference_snapshot[auto_gauss-sde-None_prior-dim_3-subvp]
  tensor([[-0.2642, -0.5381],
          [-0.9132, -0.3601]])
# ---
# name: test_npse_iid_inference_snapshot[auto_gauss-sde-None_prior-dim_3-ve]
  tensor([[-0.6600, -0.8042],
          [-0.5148, -0.7849]])
# ---
# name: test_npse_iid_inference_snapshot[auto_gauss-sde-None_prior-dim_3-vp]
  tensor([[-0.7122, -0.9240],
          [-1.3292, -0.4285]])
# ---
# name: test_npse_iid_inference_snapshot[auto_gauss-sde-gaussian_prior-dim_-vp]
  tensor([[-0.2962],
          [-0.0798],
          [-1.0704]])
# ---
# name: test_npse_iid_inference_snapshot[auto_gauss-sde-gaussian_prior-dim_1-vp0]
  tensor([[ 0.0026],
          [-0.1796]])
# ---
# name: test_npse_iid_inference_snapshot[auto_gauss-sde-gaussian_prior-dim_1-vp1]
  tensor([[ 0.0026],
          [-0.1796]])
# ---
# name: test_npse_iid_inference_snapshot[auto_gauss-sde-gaussian_prior-dim_1-vp]
  tensor([[ 0.0026],
          [-0.1796]])
# ---
# name: test_npse_iid_inference_snapshot[auto_gauss-sde-gaussian_prior-dim_2-subvp]
  tensor([[-0.2642, -0.5381],
          [-0.9132, -0.3601]])
# ---
# name: test_npse_iid_inference_snapshot[auto_gauss-sde-gaussian_prior-dim_2-ve]
  tensor([[-0.6600, -0.8042],
          [-0.5148, -0.7849]])
# ---
# name: test_npse_iid_inference_snapshot[auto_gauss-sde-gaussian_prior-dim_2-vp]
  tensor([[-0.7122, -0.9240],
          [-1.3292, -0.4285]])
# ---
# name: test_npse_iid_inference_snapshot[auto_gauss-sde-uniform_prior-dim_3-subvp]
  tensor([[-0.1744, -0.2185,  0.0718],
          [ 0.2970, -0.2502, -0.1250]])
# ---
# name: test_npse_iid_inference_snapshot[auto_gauss-sde-uniform_prior-dim_3-ve]
  tensor([[-0.1717, -1.0663, -0.1959],
          [ 0.1705, -1.7760, -0.1203]])
# ---
# name: test_npse_iid_inference_snapshot[auto_gauss-sde-uniform_prior-dim_3-vp]
  tensor([[ 0.0634, -1.1416, -0.1158],
          [ 0.4277, -0.5371,  0.2371]])
# ---
# name: test_npse_iid_inference_snapshot[auto_gauss-sde-uniform_prior-ve]
  tensor([[ 0.5511, -0.0488,  1.5879],
          [ 1.7147, -1.5519,  0.1572],
          [-0.9550, -1.6629,  1.2862]])
# ---
# name: test_npse_iid_inference_snapshot[fnpe-2trials-gaussian_prior-vp]
  tensor([[-0.2962],
          [-0.0798],
          [-1.0704]])
# ---
# name: test_npse_iid_inference_snapshot[fnpe-2trials-subvp-None]
  tensor([[ 1.1991],
          [ 0.0341],
          [ 2.8870],
          [ 1.0268],
          [-0.4617],
          [ 0.6634],
          [ 0.9137],
          [ 1.4277],
          [ 4.0676],
          [ 2.6236]])
# ---
# name: test_npse_iid_inference_snapshot[fnpe-2trials-subvp-gaussian]
  tensor([[-1.0434],
          [ 2.1814],
          [ 1.1029],
          [-1.2834],
          [-1.1130],
          [ 0.4774],
          [-0.8566],
          [ 0.7323],
          [ 1.1228],
          [ 1.1098]])
# ---
# name: test_npse_iid_inference_snapshot[fnpe-2trials-subvp-uniform]
  tensor([[-1.4054],
          [ 0.0847],
          [ 0.6748],
          [-0.0930],
          [-0.6856],
          [-1.4832],
          [-0.8984],
          [ 0.1935],
          [-1.5761],
          [-0.5535]])
# ---
# name: test_npse_iid_inference_snapshot[fnpe-2trials-test_case0]
  tensor([[-1.9573],
          [-2.1926],
          [ 0.1993],
          [-1.3448],
          [-1.3181],
          [-1.8695],
          [-1.1669],
          [ 0.3549],
          [-1.6954],
          [-0.2782]])
# ---
# name: test_npse_iid_inference_snapshot[fnpe-2trials-test_case1]
  tensor([[ 0.4002, -0.5917, -1.5766],
          [ 1.5358, -0.0518,  0.1034],
          [-0.4197, -0.8161, -1.2418],
          [-0.1189, -0.4768,  0.2321],
          [-0.6763,  0.2680, -1.3479],
          [ 0.5012,  1.3273, -1.1350],
          [ 1.3885, -0.8450, -1.8179],
          [ 1.2507, -0.3830,  0.1364],
          [-0.8660,  0.3151, -1.1020],
          [-0.6852,  0.9993, -0.4791]])
# ---
# name: test_npse_iid_inference_snapshot[fnpe-2trials-uniform_prior-ve]
  tensor([[ 0.5511, -0.0488,  1.5879],
          [ 1.7147, -1.5519,  0.1572],
          [-0.9550, -1.6629,  1.2862]])
# ---
# name: test_npse_iid_inference_snapshot[fnpe-2trials-ve-None]
  tensor([[ 0.8289],
          [-0.2570],
          [-0.2655],
          [ 0.8110],
          [ 0.0198],
          [-0.6400],
          [-0.9182],
          [-0.4152],
          [-0.1694],
          [-0.7657]])
# ---
# name: test_npse_iid_inference_snapshot[fnpe-2trials-ve-gaussian]
  tensor([[ 0.9193],
          [ 2.3564],
          [-0.0995],
          [-0.3358],
          [ 1.1941],
          [-0.5234],
          [-0.3728],
          [ 1.2710],
          [ 2.1152],
          [-1.0309]])
# ---
# name: test_npse_iid_inference_snapshot[fnpe-2trials-ve-uniform]
  tensor([[ 0.8296],
          [ 1.6263],
          [ 0.9105],
          [ 0.5948],
          [-1.4864],
          [-0.8764],
          [ 0.6418],
          [ 1.1722],
          [ 1.2207],
          [-0.0838]])
# ---
# name: test_npse_iid_inference_snapshot[fnpe-2trials-vp-None]
  tensor([[ 0.9173],
          [ 0.1454],
          [-0.6861],
          [-0.4273],
          [-0.0654],
          [-0.5894],
          [-0.9531],
          [ 0.5840],
          [ 0.5064],
          [-0.2846]])
# ---
# name: test_npse_iid_inference_snapshot[fnpe-2trials-vp-gaussian]
  tensor([[-1.9573],
          [-2.1926],
          [ 0.1993],
          [-1.3448],
          [-1.3181],
          [-1.8695],
          [-1.1669],
          [ 0.3549],
          [-1.6954],
          [-0.2782]])
# ---
# name: test_npse_iid_inference_snapshot[fnpe-2trials-vp-uniform]
  tensor([[-1.1704],
          [-0.3079],
          [ 1.9366],
          [ 1.6872],
          [ 0.5554],
          [-1.0257],
          [-1.7859],
          [-1.2343],
          [ 1.8936],
          [ 0.6879]])
# ---
# name: test_npse_iid_inference_snapshot[fnpe-ode-None_prior-dim_3-subvp]
  tensor([[-0.9198, -0.0323],
          [-1.2254, -0.5765]])
# ---
# name: test_npse_iid_inference_snapshot[fnpe-ode-None_prior-dim_3-ve]
  tensor([[-0.9535, -0.2797],
          [-1.2012, -0.8256]])
# ---
# name: test_npse_iid_inference_snapshot[fnpe-ode-None_prior-dim_3-vp]
  tensor([[-0.4981, -0.8205],
          [-1.3587, -0.8611]])
# ---
# name: test_npse_iid_inference_snapshot[fnpe-ode-gaussian_prior-dim_-vp]
  tensor([[-0.2024],
          [ 0.4294],
          [-0.0703]])
# ---
# name: test_npse_iid_inference_snapshot[fnpe-ode-gaussian_prior-dim_1-vp0]
  tensor([[ 0.0480],
          [-0.1350]])
# ---
# name: test_npse_iid_inference_snapshot[fnpe-ode-gaussian_prior-dim_1-vp1]
  tensor([[ 0.0480],
          [-0.1350]])
# ---
# name: test_npse_iid_inference_snapshot[fnpe-ode-gaussian_prior-dim_1-vp]
  tensor([[ 0.0480],
          [-0.1350]])
# ---
# name: test_npse_iid_inference_snapshot[fnpe-ode-gaussian_prior-dim_2-subvp]
  tensor([[-0.9198, -0.0323],
          [-1.2254, -0.5765]])
# ---
# name: test_npse_iid_inference_snapshot[fnpe-ode-gaussian_prior-dim_2-ve]
  tensor([[-0.9535, -0.2797],
          [-1.2012, -0.8256]])
# ---
# name: test_npse_iid_inference_snapshot[fnpe-ode-gaussian_prior-dim_2-vp]
  tensor([[-0.4981, -0.8205],
          [-1.3587, -0.8611]])
# ---
# name: test_npse_iid_inference_snapshot[fnpe-ode-uniform_prior-dim_3-subvp]
  tensor([[ 0.5026, -0.1469,  0.1982],
          [ 0.8102,  0.9526,  0.0397]])
# ---
# name: test_npse_iid_inference_snapshot[fnpe-ode-uniform_prior-dim_3-ve]
  tensor([[ 0.6304, -0.6617,  0.1326],
          [ 0.8797,  0.6335, -0.0230]])
# ---
# name: test_npse_iid_inference_snapshot[fnpe-ode-uniform_prior-dim_3-vp]
  tensor([[ 0.2415, -0.1564,  0.1063],
          [-0.1049,  0.3475, -0.0774]])
# ---
# name: test_npse_iid_inference_snapshot[fnpe-ode-uniform_prior-ve]
  tensor([[ 1.7210, -0.4056,  0.3025],
          [ 1.0870, -0.7320,  0.5778],
          [ 0.5972,  0.2316,  0.1602]])
# ---
# name: test_npse_iid_inference_snapshot[fnpe-sde-None_prior-dim_3-subvp]
  tensor([[-0.2642, -0.5381],
          [-0.9132, -0.3601]])
# ---
# name: test_npse_iid_inference_snapshot[fnpe-sde-None_prior-dim_3-ve]
  tensor([[-0.6600, -0.8042],
          [-0.5148, -0.7849]])
# ---
# name: test_npse_iid_inference_snapshot[fnpe-sde-None_prior-dim_3-vp]
  tensor([[-0.7122, -0.9240],
          [-1.3292, -0.4285]])
# ---
# name: test_npse_iid_inference_snapshot[fnpe-sde-gaussian_prior-dim_-vp]
  tensor([[-0.2962],
          [-0.0798],
          [-1.0704]])
# ---
# name: test_npse_iid_inference_snapshot[fnpe-sde-gaussian_prior-dim_1-vp0]
  tensor([[ 0.0026],
          [-0.1796]])
# ---
# name: test_npse_iid_inference_snapshot[fnpe-sde-gaussian_prior-dim_1-vp1]
  tensor([[ 0.0026],
          [-0.1796]])
# ---
# name: test_npse_iid_inference_snapshot[fnpe-sde-gaussian_prior-dim_1-vp]
  tensor([[ 0.0026],
          [-0.1796]])
# ---
# name: test_npse_iid_inference_snapshot[fnpe-sde-gaussian_prior-dim_2-subvp]
  tensor([[-0.2642, -0.5381],
          [-0.9132, -0.3601]])
# ---
# name: test_npse_iid_inference_snapshot[fnpe-sde-gaussian_prior-dim_2-ve]
  tensor([[-0.6600, -0.8042],
          [-0.5148, -0.7849]])
# ---
# name: test_npse_iid_inference_snapshot[fnpe-sde-gaussian_prior-dim_2-vp]
  tensor([[-0.7122, -0.9240],
          [-1.3292, -0.4285]])
# ---
# name: test_npse_iid_inference_snapshot[fnpe-sde-uniform_prior-dim_3-subvp]
  tensor([[-0.1744, -0.2185,  0.0718],
          [ 0.2970, -0.2502, -0.1250]])
# ---
# name: test_npse_iid_inference_snapshot[fnpe-sde-uniform_prior-dim_3-ve]
  tensor([[-0.1717, -1.0663, -0.1959],
          [ 0.1705, -1.7760, -0.1203]])
# ---
# name: test_npse_iid_inference_snapshot[fnpe-sde-uniform_prior-dim_3-vp]
  tensor([[ 0.0634, -1.1416, -0.1158],
          [ 0.4277, -0.5371,  0.2371]])
# ---
# name: test_npse_iid_inference_snapshot[fnpe-sde-uniform_prior-ve]
  tensor([[ 0.5511, -0.0488,  1.5879],
          [ 1.7147, -1.5519,  0.1572],
          [-0.9550, -1.6629,  1.2862]])
# ---
# name: test_npse_iid_inference_snapshot[gauss-6trials-gaussian_prior-vp]
  tensor([[-0.2962],
          [-0.0798],
          [-1.0704]])
# ---
# name: test_npse_iid_inference_snapshot[gauss-6trials-subvp-None]
  tensor([[ 2.7124],
          [ 2.0377],
          [ 1.2533],
          [ 3.1703],
          [ 1.0324],
          [-1.4170],
          [ 2.0013],
          [ 0.6558],
          [ 0.2823],
          [ 0.0681]])
# ---
# name: test_npse_iid_inference_snapshot[gauss-6trials-subvp-gaussian]
  tensor([[ 1.1466],
          [ 0.3306],
          [-0.0934],
          [-1.3035],
          [-0.4637],
          [-0.4800],
          [-0.8101],
          [-1.0905],
          [ 2.0430],
          [ 0.8223]])
# ---
# name: test_npse_iid_inference_snapshot[gauss-6trials-subvp-uniform]
  tensor([[ 1.2572],
          [-1.8101],
          [-1.6949],
          [-1.1482],
          [-0.9557],
          [-0.1522],
          [-1.4660],
          [-0.5958],
          [-1.1004],
          [-0.8330]])
# ---
# name: test_npse_iid_inference_snapshot[gauss-6trials-test_case0]
  tensor([[-1.9573],
          [-2.1926],
          [ 0.1993],
          [-1.3448],
          [-1.3181],
          [-1.8695],
          [-1.1669],
          [ 0.3549],
          [-1.6954],
          [-0.2782]])
# ---
# name: test_npse_iid_inference_snapshot[gauss-6trials-test_case1]
  tensor([[ 0.4002, -0.5917, -1.5766],
          [ 1.5358, -0.0518,  0.1034],
          [-0.4197, -0.8161, -1.2418],
          [-0.1189, -0.4768,  0.2321],
          [-0.6763,  0.2680, -1.3479],
          [ 0.5012,  1.3273, -1.1350],
          [ 1.3885, -0.8450, -1.8179],
          [ 1.2507, -0.3830,  0.1364],
          [-0.8660,  0.3151, -1.1020],
          [-0.6852,  0.9993, -0.4791]])
# ---
# name: test_npse_iid_inference_snapshot[gauss-6trials-uniform_prior-ve]
  tensor([[ 0.5511, -0.0488,  1.5879],
          [ 1.7147, -1.5519,  0.1572],
          [-0.9550, -1.6629,  1.2862]])
# ---
# name: test_npse_iid_inference_snapshot[gauss-6trials-ve-None]
  tensor([[ 0.8289],
          [-0.2570],
          [-0.2655],
          [ 0.8110],
          [ 0.0198],
          [-0.6400],
          [-0.9182],
          [-0.4152],
          [-0.1694],
          [-0.7657]])
# ---
# name: test_npse_iid_inference_snapshot[gauss-6trials-ve-gaussian]
  tensor([[-0.8068],
          [ 1.9417],
          [-0.0042],
          [-2.1949],
          [ 0.1424],
          [ 0.5268],
          [-0.0443],
          [ 1.5769],
          [ 1.3519],
          [ 2.1468]])
# ---
# name: test_npse_iid_inference_snapshot[gauss-6trials-ve-uniform]
  tensor([[ 1.1124],
          [ 0.4930],
          [ 1.4593],
          [ 0.6085],
          [ 1.0157],
          [-0.6509],
          [ 1.7571],
          [ 1.9089],
          [ 0.8596],
          [-0.4924]])
# ---
# name: test_npse_iid_inference_snapshot[gauss-6trials-vp-None]
  tensor([[-0.7162],
          [ 0.0305],
          [-0.0735],
          [-0.4418],
          [-0.8432],
          [-1.3483],
          [ 0.3002],
          [-1.3619],
          [-0.7562],
          [-0.0069]])
# ---
# name: test_npse_iid_inference_snapshot[gauss-6trials-vp-gaussian]
  tensor([[-1.9573],
          [-2.1926],
          [ 0.1993],
          [-1.3448],
          [-1.3181],
          [-1.8695],
          [-1.1669],
          [ 0.3549],
          [-1.6954],
          [-0.2782]])
# ---
# name: test_npse_iid_inference_snapshot[gauss-6trials-vp-uniform]
  tensor([[-0.2249],
          [ 0.3348],
          [ 1.7404],
          [ 1.9827],
          [ 1.4744],
          [-1.0148],
          [ 0.6976],
          [ 0.6432],
          [ 0.8928],
          [ 0.2160]])
# ---
# name: test_npse_iid_inference_snapshot[gauss-ode-None_prior-dim_3-subvp]
  tensor([[-0.9198, -0.0323],
          [-1.2254, -0.5765]])
# ---
# name: test_npse_iid_inference_snapshot[gauss-ode-None_prior-dim_3-ve]
  tensor([[-0.9535, -0.2797],
          [-1.2012, -0.8256]])
# ---
# name: test_npse_iid_inference_snapshot[gauss-ode-None_prior-dim_3-vp]
  tensor([[-0.4981, -0.8205],
          [-1.3587, -0.8611]])
# ---
# name: test_npse_iid_inference_snapshot[gauss-ode-gaussian_prior-dim_-vp]
  tensor([[-0.2024],
          [ 0.4294],
          [-0.0703]])
# ---
# name: test_npse_iid_inference_snapshot[gauss-ode-gaussian_prior-dim_1-vp0]
  tensor([[ 0.0480],
          [-0.1350]])
# ---
# name: test_npse_iid_inference_snapshot[gauss-ode-gaussian_prior-dim_1-vp1]
  tensor([[ 0.0480],
          [-0.1350]])
# ---
# name: test_npse_iid_inference_snapshot[gauss-ode-gaussian_prior-dim_1-vp]
  tensor([[ 0.0480],
          [-0.1350]])
# ---
# name: test_npse_iid_inference_snapshot[gauss-ode-gaussian_prior-dim_2-subvp]
  tensor([[-0.9198, -0.0323],
          [-1.2254, -0.5765]])
# ---
# name: test_npse_iid_inference_snapshot[gauss-ode-gaussian_prior-dim_2-ve]
  tensor([[-0.9535, -0.2797],
          [-1.2012, -0.8256]])
# ---
# name: test_npse_iid_inference_snapshot[gauss-ode-gaussian_prior-dim_2-vp]
  tensor([[-0.4981, -0.8205],
          [-1.3587, -0.8611]])
# ---
# name: test_npse_iid_inference_snapshot[gauss-ode-uniform_prior-dim_3-subvp]
  tensor([[ 0.5026, -0.1469,  0.1982],
          [ 0.8102,  0.9526,  0.0397]])
# ---
# name: test_npse_iid_inference_snapshot[gauss-ode-uniform_prior-dim_3-ve]
  tensor([[ 0.6304, -0.6617,  0.1326],
          [ 0.8797,  0.6335, -0.0230]])
# ---
# name: test_npse_iid_inference_snapshot[gauss-ode-uniform_prior-dim_3-vp]
  tensor([[ 0.2415, -0.1564,  0.1063],
          [-0.1049,  0.3475, -0.0774]])
# ---
# name: test_npse_iid_inference_snapshot[gauss-ode-uniform_prior-ve]
  tensor([[ 1.7210, -0.4056,  0.3025],
          [ 1.0870, -0.7320,  0.5778],
          [ 0.5972,  0.2316,  0.1602]])
# ---
# name: test_npse_iid_inference_snapshot[gauss-sde-None_prior-dim_3-subvp]
  tensor([[-0.2642, -0.5381],
          [-0.9132, -0.3601]])
# ---
# name: test_npse_iid_inference_snapshot[gauss-sde-None_prior-dim_3-ve]
  tensor([[-0.6600, -0.8042],
          [-0.5148, -0.7849]])
# ---
# name: test_npse_iid_inference_snapshot[gauss-sde-None_prior-dim_3-vp]
  tensor([[-0.7122, -0.9240],
          [-1.3292, -0.4285]])
# ---
# name: test_npse_iid_inference_snapshot[gauss-sde-gaussian_prior-dim_-vp]
  tensor([[-0.2962],
          [-0.0798],
          [-1.0704]])
# ---
# name: test_npse_iid_inference_snapshot[gauss-sde-gaussian_prior-dim_1-vp0]
  tensor([[ 0.0026],
          [-0.1796]])
# ---
# name: test_npse_iid_inference_snapshot[gauss-sde-gaussian_prior-dim_1-vp1]
  tensor([[ 0.0026],
          [-0.1796]])
# ---
# name: test_npse_iid_inference_snapshot[gauss-sde-gaussian_prior-dim_1-vp]
  tensor([[ 0.0026],
          [-0.1796]])
# ---
# name: test_npse_iid_inference_snapshot[gauss-sde-gaussian_prior-dim_2-subvp]
  tensor([[-0.2642, -0.5381],
          [-0.9132, -0.3601]])
# ---
# name: test_npse_iid_inference_snapshot[gauss-sde-gaussian_prior-dim_2-ve]
  tensor([[-0.6600, -0.8042],
          [-0.5148, -0.7849]])
# ---
# name: test_npse_iid_inference_snapshot[gauss-sde-gaussian_prior-dim_2-vp]
  tensor([[-0.7122, -0.9240],
          [-1.3292, -0.4285]])
# ---
# name: test_npse_iid_inference_snapshot[gauss-sde-uniform_prior-dim_3-subvp]
  tensor([[-0.1744, -0.2185,  0.0718],
          [ 0.2970, -0.2502, -0.1250]])
# ---
# name: test_npse_iid_inference_snapshot[gauss-sde-uniform_prior-dim_3-ve]
  tensor([[-0.1717, -1.0663, -0.1959],
          [ 0.1705, -1.7760, -0.1203]])
# ---
# name: test_npse_iid_inference_snapshot[gauss-sde-uniform_prior-dim_3-vp]
  tensor([[ 0.0634, -1.1416, -0.1158],
          [ 0.4277, -0.5371,  0.2371]])
# ---
# name: test_npse_iid_inference_snapshot[gauss-sde-uniform_prior-ve]
  tensor([[ 0.5511, -0.0488,  1.5879],
          [ 1.7147, -1.5519,  0.1572],
          [-0.9550, -1.6629,  1.2862]])
# ---
# name: test_npse_iid_inference_snapshot[jac_gauss-8trials-gaussian_prior-vp]
  tensor([[-0.2962],
          [-0.0798],
          [-1.0704]])
# ---
# name: test_npse_iid_inference_snapshot[jac_gauss-8trials-subvp-None]
  tensor([[ 2.1515],
          [ 0.3934],
          [-1.4826],
          [ 3.1871],
          [ 0.3575],
          [-1.4368],
          [ 3.3796],
          [ 0.6243],
          [ 0.9237],
          [ 1.7784]])
# ---
# name: test_npse_iid_inference_snapshot[jac_gauss-8trials-subvp-gaussian]
  tensor([[-1.7080],
          [ 2.1485],
          [-1.9428],
          [ 0.1958],
          [ 0.5601],
          [ 1.4476],
          [ 1.8746],
          [ 2.4013],
          [ 0.8022],
          [-0.7637]])
# ---
# name: test_npse_iid_inference_snapshot[jac_gauss-8trials-subvp-uniform]
  tensor([[-1.9817],
          [ 0.3035],
          [-0.4199],
          [-1.0731],
          [-1.2176],
          [-0.4139],
          [-1.6600],
          [-0.2390],
          [-1.7724],
          [-1.5629]])
# ---
# name: test_npse_iid_inference_snapshot[jac_gauss-8trials-test_case0]
  tensor([[-1.9573],
          [-2.1926],
          [ 0.1993],
          [-1.3448],
          [-1.3181],
          [-1.8695],
          [-1.1669],
          [ 0.3549],
          [-1.6954],
          [-0.2782]])
# ---
# name: test_npse_iid_inference_snapshot[jac_gauss-8trials-test_case1]
  tensor([[ 0.4002, -0.5917, -1.5766],
          [ 1.5358, -0.0518,  0.1034],
          [-0.4197, -0.8161, -1.2418],
          [-0.1189, -0.4768,  0.2321],
          [-0.6763,  0.2680, -1.3479],
          [ 0.5012,  1.3273, -1.1350],
          [ 1.3885, -0.8450, -1.8179],
          [ 1.2507, -0.3830,  0.1364],
          [-0.8660,  0.3151, -1.1020],
          [-0.6852,  0.9993, -0.4791]])
# ---
# name: test_npse_iid_inference_snapshot[jac_gauss-8trials-uniform_prior-ve]
  tensor([[ 0.5511, -0.0488,  1.5879],
          [ 1.7147, -1.5519,  0.1572],
          [-0.9550, -1.6629,  1.2862]])
# ---
# name: test_npse_iid_inference_snapshot[jac_gauss-8trials-ve-None]
  tensor([[ 0.8289],
          [-0.2570],
          [-0.2655],
          [ 0.8110],
          [ 0.0198],
          [-0.6400],
          [-0.9182],
          [-0.4152],
          [-0.1694],
          [-0.7657]])
# ---
# name: test_npse_iid_inference_snapshot[jac_gauss-8trials-ve-gaussian]
  tensor([[1.1447],
          [1.6236],
          [1.0408],
          [4.0896],
          [1.2479],
          [0.8989],
          [0.0432],
          [2.8174],
          [1.1462],
          [0.6294]])
# ---
# name: test_npse_iid_inference_snapshot[jac_gauss-8trials-ve-uniform]
  tensor([[ 0.4389],
          [ 1.1139],
          [-0.0266],
          [-0.4289],
          [ 0.9069],
          [ 1.6432],
          [ 0.9587],
          [ 1.3325],
          [ 0.0260],
          [-0.5745]])
# ---
# name: test_npse_iid_inference_snapshot[jac_gauss-8trials-vp-None]
  tensor([[ 0.3483],
          [-0.7842],
          [-0.0495],
          [-0.5439],
          [-1.1776],
          [-0.3810],
          [-0.4597],
          [ 0.8510],
          [ 0.5075],
          [-0.0979]])
# ---
# name: test_npse_iid_inference_snapshot[jac_gauss-8trials-vp-gaussian]
  tensor([[-1.9573],
          [-2.1926],
          [ 0.1993],
          [-1.3448],
          [-1.3181],
          [-1.8695],
          [-1.1669],
          [ 0.3549],
          [-1.6954],
          [-0.2782]])
# ---
# name: test_npse_iid_inference_snapshot[jac_gauss-8trials-vp-uniform]
  tensor([[0.8494],
          [0.3409],
          [0.0683],
          [1.2565],
          [1.2577],
          [0.7110],
          [0.6196],
          [0.0536],
          [1.7612],
          [0.8417]])
# ---
# name: test_npse_iid_inference_snapshot[jac_gauss-ode-None_prior-dim_3-subvp]
  tensor([[-0.9198, -0.0323],
          [-1.2254, -0.5765]])
# ---
# name: test_npse_iid_inference_snapshot[jac_gauss-ode-None_prior-dim_3-ve]
  tensor([[-0.9535, -0.2797],
          [-1.2012, -0.8256]])
# ---
# name: test_npse_iid_inference_snapshot[jac_gauss-ode-None_prior-dim_3-vp]
  tensor([[-0.4981, -0.8205],
          [-1.3587, -0.8611]])
# ---
# name: test_npse_iid_inference_snapshot[jac_gauss-ode-gaussian_prior-dim_-vp]
  tensor([[-0.2024],
          [ 0.4294],
          [-0.0703]])
# ---
# name: test_npse_iid_inference_snapshot[jac_gauss-ode-gaussian_prior-dim_1-vp0]
  tensor([[ 0.0480],
          [-0.1350]])
# ---
# name: test_npse_iid_inference_snapshot[jac_gauss-ode-gaussian_prior-dim_1-vp1]
  tensor([[ 0.0480],
          [-0.1350]])
# ---
# name: test_npse_iid_inference_snapshot[jac_gauss-ode-gaussian_prior-dim_1-vp]
  tensor([[ 0.0480],
          [-0.1350]])
# ---
# name: test_npse_iid_inference_snapshot[jac_gauss-ode-gaussian_prior-dim_2-subvp]
  tensor([[-0.9198, -0.0323],
          [-1.2254, -0.5765]])
# ---
# name: test_npse_iid_inference_snapshot[jac_gauss-ode-gaussian_prior-dim_2-ve]
  tensor([[-0.9535, -0.2797],
          [-1.2012, -0.8256]])
# ---
# name: test_npse_iid_inference_snapshot[jac_gauss-ode-gaussian_prior-dim_2-vp]
  tensor([[-0.4981, -0.8205],
          [-1.3587, -0.8611]])
# ---
# name: test_npse_iid_inference_snapshot[jac_gauss-ode-uniform_prior-dim_3-subvp]
  tensor([[ 0.5026, -0.1469,  0.1982],
          [ 0.8102,  0.9526,  0.0397]])
# ---
# name: test_npse_iid_inference_snapshot[jac_gauss-ode-uniform_prior-dim_3-ve]
  tensor([[ 0.6304, -0.6617,  0.1326],
          [ 0.8797,  0.6335, -0.0230]])
# ---
# name: test_npse_iid_inference_snapshot[jac_gauss-ode-uniform_prior-dim_3-vp]
  tensor([[ 0.2415, -0.1564,  0.1063],
          [-0.1049,  0.3475, -0.0774]])
# ---
# name: test_npse_iid_inference_snapshot[jac_gauss-ode-uniform_prior-ve]
  tensor([[ 1.7210, -0.4056,  0.3025],
          [ 1.0870, -0.7320,  0.5778],
          [ 0.5972,  0.2316,  0.1602]])
# ---
# name: test_npse_iid_inference_snapshot[jac_gauss-sde-None_prior-dim_3-subvp]
  tensor([[-0.2642, -0.5381],
          [-0.9132, -0.3601]])
# ---
# name: test_npse_iid_inference_snapshot[jac_gauss-sde-None_prior-dim_3-ve]
  tensor([[-0.6600, -0.8042],
          [-0.5148, -0.7849]])
# ---
# name: test_npse_iid_inference_snapshot[jac_gauss-sde-None_prior-dim_3-vp]
  tensor([[-0.7122, -0.9240],
          [-1.3292, -0.4285]])
# ---
# name: test_npse_iid_inference_snapshot[jac_gauss-sde-gaussian_prior-dim_-vp]
  tensor([[-0.2962],
          [-0.0798],
          [-1.0704]])
# ---
# name: test_npse_iid_inference_snapshot[jac_gauss-sde-gaussian_prior-dim_1-vp0]
  tensor([[ 0.0026],
          [-0.1796]])
# ---
# name: test_npse_iid_inference_snapshot[jac_gauss-sde-gaussian_prior-dim_1-vp1]
  tensor([[ 0.0026],
          [-0.1796]])
# ---
# name: test_npse_iid_inference_snapshot[jac_gauss-sde-gaussian_prior-dim_1-vp]
  tensor([[ 0.0026],
          [-0.1796]])
# ---
# name: test_npse_iid_inference_snapshot[jac_gauss-sde-gaussian_prior-dim_2-subvp]
  tensor([[-0.2642, -0.5381],
          [-0.9132, -0.3601]])
# ---
# name: test_npse_iid_inference_snapshot[jac_gauss-sde-gaussian_prior-dim_2-ve]
  tensor([[-0.6600, -0.8042],
          [-0.5148, -0.7849]])
# ---
# name: test_npse_iid_inference_snapshot[jac_gauss-sde-gaussian_prior-dim_2-vp]
  tensor([[-0.7122, -0.9240],
          [-1.3292, -0.4285]])
# ---
# name: test_npse_iid_inference_snapshot[jac_gauss-sde-uniform_prior-dim_3-subvp]
  tensor([[-0.1744, -0.2185,  0.0718],
          [ 0.2970, -0.2502, -0.1250]])
# ---
# name: test_npse_iid_inference_snapshot[jac_gauss-sde-uniform_prior-dim_3-ve]
  tensor([[-0.1717, -1.0663, -0.1959],
          [ 0.1705, -1.7760, -0.1203]])
# ---
# name: test_npse_iid_inference_snapshot[jac_gauss-sde-uniform_prior-dim_3-vp]
  tensor([[ 0.0634, -1.1416, -0.1158],
          [ 0.4277, -0.5371,  0.2371]])
# ---
# name: test_npse_iid_inference_snapshot[jac_gauss-sde-uniform_prior-ve]
  tensor([[ 0.5511, -0.0488,  1.5879],
          [ 1.7147, -1.5519,  0.1572],
          [-0.9550, -1.6629,  1.2862]])
# ---
